Archive member included to satisfy reference by file (symbol)

d:/engazat/embeddedsystem/currently/imt/imt_arm_diploma/imt_arm_course/02- tools/03- imt sdk/imt_sdk_win_64/winarm/armgcc/bin/../lib/gcc/arm-none-eabi/7.2.1/thumb/v7-m\libgcc.a(_arm_addsubdf3.o)
                              ./src/stm32f103c8t6_usart.o (__aeabi_dsub)
d:/engazat/embeddedsystem/currently/imt/imt_arm_diploma/imt_arm_course/02- tools/03- imt sdk/imt_sdk_win_64/winarm/armgcc/bin/../lib/gcc/arm-none-eabi/7.2.1/thumb/v7-m\libgcc.a(_arm_muldivdf3.o)
                              ./src/stm32f103c8t6_usart.o (__aeabi_dmul)
d:/engazat/embeddedsystem/currently/imt/imt_arm_diploma/imt_arm_course/02- tools/03- imt sdk/imt_sdk_win_64/winarm/armgcc/bin/../lib/gcc/arm-none-eabi/7.2.1/thumb/v7-m\libgcc.a(_arm_truncdfsf2.o)
                              ./src/stm32f103c8t6_usart.o (__aeabi_d2f)
d:/engazat/embeddedsystem/currently/imt/imt_arm_diploma/imt_arm_course/02- tools/03- imt sdk/imt_sdk_win_64/winarm/armgcc/bin/../lib/gcc/arm-none-eabi/7.2.1/thumb/v7-m\libgcc.a(_arm_addsubsf3.o)
                              ./src/stm32f103c8t6_usart.o (__aeabi_fsub)
d:/engazat/embeddedsystem/currently/imt/imt_arm_diploma/imt_arm_course/02- tools/03- imt sdk/imt_sdk_win_64/winarm/armgcc/bin/../lib/gcc/arm-none-eabi/7.2.1/thumb/v7-m\libgcc.a(_arm_muldivsf3.o)
                              ./src/stm32f103c8t6_usart.o (__aeabi_fmul)
d:/engazat/embeddedsystem/currently/imt/imt_arm_diploma/imt_arm_course/02- tools/03- imt sdk/imt_sdk_win_64/winarm/armgcc/bin/../lib/gcc/arm-none-eabi/7.2.1/thumb/v7-m\libgcc.a(_arm_cmpsf2.o)
                              ./src/stm32f103c8t6_usart.o (__aeabi_fcmpge)
d:/engazat/embeddedsystem/currently/imt/imt_arm_diploma/imt_arm_course/02- tools/03- imt sdk/imt_sdk_win_64/winarm/armgcc/bin/../lib/gcc/arm-none-eabi/7.2.1/thumb/v7-m\libgcc.a(_arm_fixunssfsi.o)
                              ./src/stm32f103c8t6_usart.o (__aeabi_f2uiz)
d:/engazat/embeddedsystem/currently/imt/imt_arm_diploma/imt_arm_course/02- tools/03- imt sdk/imt_sdk_win_64/winarm/armgcc/bin/../lib/gcc/arm-none-eabi/7.2.1/../../../../arm-none-eabi/lib/thumb/v7-m\libg_nano.a(lib_a-errno.o)
                              ./system/src/newlib/_sbrk.o (__errno)
d:/engazat/embeddedsystem/currently/imt/imt_arm_diploma/imt_arm_course/02- tools/03- imt sdk/imt_sdk_win_64/winarm/armgcc/bin/../lib/gcc/arm-none-eabi/7.2.1/../../../../arm-none-eabi/lib/thumb/v7-m\libg_nano.a(lib_a-impure.o)
                              d:/engazat/embeddedsystem/currently/imt/imt_arm_diploma/imt_arm_course/02- tools/03- imt sdk/imt_sdk_win_64/winarm/armgcc/bin/../lib/gcc/arm-none-eabi/7.2.1/../../../../arm-none-eabi/lib/thumb/v7-m\libg_nano.a(lib_a-errno.o) (_impure_ptr)
d:/engazat/embeddedsystem/currently/imt/imt_arm_diploma/imt_arm_course/02- tools/03- imt sdk/imt_sdk_win_64/winarm/armgcc/bin/../lib/gcc/arm-none-eabi/7.2.1/../../../../arm-none-eabi/lib/thumb/v7-m\libg_nano.a(lib_a-strlen.o)
                              ./system/src/diag/Trace.o (strlen)
d:/engazat/embeddedsystem/currently/imt/imt_arm_diploma/imt_arm_course/02- tools/03- imt sdk/imt_sdk_win_64/winarm/armgcc/bin/../lib/gcc/arm-none-eabi/7.2.1/../../../../arm-none-eabi/lib/thumb/v7-m\libg_nano.a(lib_a-vsnprintf.o)
                              ./system/src/diag/Trace.o (vsnprintf)
d:/engazat/embeddedsystem/currently/imt/imt_arm_diploma/imt_arm_course/02- tools/03- imt sdk/imt_sdk_win_64/winarm/armgcc/bin/../lib/gcc/arm-none-eabi/7.2.1/../../../../arm-none-eabi/lib/thumb/v7-m\libg_nano.a(lib_a-nano-svfprintf.o)
                              d:/engazat/embeddedsystem/currently/imt/imt_arm_diploma/imt_arm_course/02- tools/03- imt sdk/imt_sdk_win_64/winarm/armgcc/bin/../lib/gcc/arm-none-eabi/7.2.1/../../../../arm-none-eabi/lib/thumb/v7-m\libg_nano.a(lib_a-vsnprintf.o) (_svfprintf_r)
d:/engazat/embeddedsystem/currently/imt/imt_arm_diploma/imt_arm_course/02- tools/03- imt sdk/imt_sdk_win_64/winarm/armgcc/bin/../lib/gcc/arm-none-eabi/7.2.1/../../../../arm-none-eabi/lib/thumb/v7-m\libg_nano.a(lib_a-nano-vfprintf_i.o)
                              d:/engazat/embeddedsystem/currently/imt/imt_arm_diploma/imt_arm_course/02- tools/03- imt sdk/imt_sdk_win_64/winarm/armgcc/bin/../lib/gcc/arm-none-eabi/7.2.1/../../../../arm-none-eabi/lib/thumb/v7-m\libg_nano.a(lib_a-nano-svfprintf.o) (_printf_i)
d:/engazat/embeddedsystem/currently/imt/imt_arm_diploma/imt_arm_course/02- tools/03- imt sdk/imt_sdk_win_64/winarm/armgcc/bin/../lib/gcc/arm-none-eabi/7.2.1/../../../../arm-none-eabi/lib/thumb/v7-m\libg_nano.a(lib_a-memchr-stub.o)
                              d:/engazat/embeddedsystem/currently/imt/imt_arm_diploma/imt_arm_course/02- tools/03- imt sdk/imt_sdk_win_64/winarm/armgcc/bin/../lib/gcc/arm-none-eabi/7.2.1/../../../../arm-none-eabi/lib/thumb/v7-m\libg_nano.a(lib_a-nano-svfprintf.o) (memchr)
[...]
Memory Configuration

Name             Origin             Length             Attributes
RAM              0x20000000         0x00005000         xrw
CCMRAM           0x00000000         0x00000000         xrw
FLASH            0x08000000         0x00020000         xr
FLASHB1          0x00000000         0x00000000         xr
EXTMEMB0         0x00000000         0x00000000         xr
EXTMEMB1         0x00000000         0x00000000         xr
EXTMEMB2         0x00000000         0x00000000         xr
EXTMEMB3         0x00000000         0x00000000         xr
MEMORY_ARRAY     0x00000000         0x00000000         xrw
*default*        0x00000000         0xffffffff

Linker script and memory map

LOAD ./system/src/stm32f1-stdperiph/misc.o
LOAD ./system/src/stm32f1-stdperiph/stm32f10x_gpio.o
LOAD ./system/src/stm32f1-stdperiph/stm32f10x_rcc.o
LOAD ./system/src/newlib/_cxx.o
LOAD ./system/src/newlib/_exit.o
LOAD ./system/src/newlib/_sbrk.o
LOAD ./system/src/newlib/_startup.o
LOAD ./system/src/newlib/_syscalls.o
LOAD ./system/src/newlib/assert.o
LOAD ./system/src/diag/Trace.o
LOAD ./system/src/diag/trace_impl.o
LOAD ./system/src/cortexm/_initialize_hardware.o
LOAD ./system/src/cortexm/_reset_hardware.o
LOAD ./system/src/cortexm/exception_handlers.o
LOAD ./system/src/cmsis/system_stm32f10x.o
LOAD ./system/src/cmsis/vectors_stm32f10x.o
LOAD ./src/main.o
LOAD ./src/stm23f103c8t6_dma.o
LOAD ./src/stm32f103c8t6_afio.o
LOAD ./src/stm32f103c8t6_exti.o
LOAD ./src/stm32f103c8t6_gpio.o
LOAD ./src/stm32f103c8t6_nvic.o
LOAD ./src/stm32f103c8t6_rcc.o
LOAD ./src/stm32f103c8t6_spi.o
LOAD ./src/stm32f103c8t6_timer.o
LOAD ./src/stm32f103c8t6_usart.o
LOAD d:/engazat/embeddedsystem/currently/imt/imt_arm_diploma/imt_arm_course/02- tools/03- imt sdk/imt_sdk_win_64/winarm/armgcc/bin/../lib/gcc/arm-none-eabi/7.2.1/../../../../arm-none-eabi/lib/thumb/v7-m\libstdc++_nano.a
LOAD d:/engazat/embeddedsystem/currently/imt/imt_arm_diploma/imt_arm_course/02- tools/03- imt sdk/imt_sdk_win_64/winarm/armgcc/bin/../lib/gcc/arm-none-eabi/7.2.1/../../../../arm-none-eabi/lib/thumb/v7-m\libm.a
START GROUP
LOAD d:/engazat/embeddedsystem/currently/imt/imt_arm_diploma/imt_arm_course/02- tools/03- imt sdk/imt_sdk_win_64/winarm/armgcc/bin/../lib/gcc/arm-none-eabi/7.2.1/thumb/v7-m\libgcc.a
LOAD d:/engazat/embeddedsystem/currently/imt/imt_arm_diploma/imt_arm_course/02- tools/03- imt sdk/imt_sdk_win_64/winarm/armgcc/bin/../lib/gcc/arm-none-eabi/7.2.1/../../../../arm-none-eabi/lib/thumb/v7-m\libg_nano.a
LOAD d:/engazat/embeddedsystem/currently/imt/imt_arm_diploma/imt_arm_course/02- tools/03- imt sdk/imt_sdk_win_64/winarm/armgcc/bin/../lib/gcc/arm-none-eabi/7.2.1/../../../../arm-none-eabi/lib/thumb/v7-m\libc_nano.a
END GROUP
START GROUP
LOAD d:/engazat/embeddedsystem/currently/imt/imt_arm_diploma/imt_arm_course/02- tools/03- imt sdk/imt_sdk_win_64/winarm/armgcc/bin/../lib/gcc/arm-none-eabi/7.2.1/thumb/v7-m\libgcc.a
LOAD d:/engazat/embeddedsystem/currently/imt/imt_arm_diploma/imt_arm_course/02- tools/03- imt sdk/imt_sdk_win_64/winarm/armgcc/bin/../lib/gcc/arm-none-eabi/7.2.1/../../../../arm-none-eabi/lib/thumb/v7-m\libc_nano.a
END GROUP
                0x20005000                __stack = (ORIGIN (RAM) + LENGTH (RAM))
                0x20005000                _estack = __stack
                0x00000400                __Main_Stack_Size = 0x400
                [!provide]                PROVIDE (_Main_Stack_Size, __Main_Stack_Size)
                0x20004c00                __Main_Stack_Limit = (__stack - __Main_Stack_Size)
                [!provide]                PROVIDE (_Main_Stack_Limit, __Main_Stack_Limit)
                0x00000100                _Minimum_Stack_Size = 0x100
                0x20000198                PROVIDE (_Heap_Begin, _end_noinit)
                0x20004c00                PROVIDE (_Heap_Limit, (__stack - __Main_Stack_Size))

.isr_vector     0x08000000      0x350
 FILL mask 0xff
                0x08000000                __vectors_start = ABSOLUTE (.)
                0x08000000                __vectors_start__ = ABSOLUTE (.)
 *(.isr_vector)
 .isr_vector    0x08000000      0x10c ./system/src/cmsis/vectors_stm32f10x.o
                0x08000000                __isr_vectors
 *(.cfmconfig)
 *(.after_vectors .after_vectors.*)
 .after_vectors
                0x0800010c      0x114 ./system/src/newlib/_startup.o
                0x0800010c                _start
 .after_vectors
                0x08000220      0x12c ./system/src/cortexm/exception_handlers.o
                0x08000220                Reset_Handler
                0x08000226                NMI_Handler
                0x0800022a                HardFault_Handler
                0x0800023e                HardFault_Handler_C
                0x0800029c                MemManage_Handler
                0x080002a0                BusFault_Handler
                0x080002b4                BusFault_Handler_C
                0x080002e8                UsageFault_Handler
                0x080002fc                UsageFault_Handler_C
                0x08000330                SVC_Handler
                0x08000334                DebugMon_Handler
                0x08000338                PendSV_Handler
                0x0800033c                SysTick_Handler
 .after_vectors
                0x0800034c        0x4 ./system/src/cmsis/vectors_stm32f10x.o
                0x0800034c                TIM8_TRG_COM_IRQHandler
                0x0800034c                TIM8_CC_IRQHandler
                0x0800034c                TIM1_CC_IRQHandler
                0x0800034c                TIM6_IRQHandler
                0x0800034c                PVD_IRQHandler
                0x0800034c                SDIO_IRQHandler
                0x0800034c                CAN2_RX1_IRQHandler
                0x0800034c                EXTI3_IRQHandler
                0x0800034c                TIM8_TRG_COM_TIM14_IRQHandler
                0x0800034c                TIM1_UP_TIM10_IRQHandler
                0x0800034c                TIM8_UP_TIM13_IRQHandler
                0x0800034c                I2C2_EV_IRQHandler
                0x0800034c                CAN1_RX0_IRQHandler
                0x0800034c                TIM1_UP_TIM16_IRQHandler
                0x0800034c                CAN2_SCE_IRQHandler
                0x0800034c                ADC1_2_IRQHandler
                0x0800034c                SPI1_IRQHandler
                0x0800034c                TAMPER_IRQHandler
                0x0800034c                TIM6_DAC_IRQHandler
                0x0800034c                TIM1_BRK_TIM9_IRQHandler
                0x0800034c                CAN2_RX0_IRQHandler
                0x0800034c                TIM8_UP_IRQHandler
                0x0800034c                DMA2_Channel2_IRQHandler
                0x0800034c                DMA1_Channel4_IRQHandler
                0x0800034c                USART3_IRQHandler
                0x0800034c                RTC_IRQHandler
                0x0800034c                DMA1_Channel7_IRQHandler
                0x0800034c                CAN1_RX1_IRQHandler
                0x0800034c                UART5_IRQHandler
                0x0800034c                ADC3_IRQHandler
                0x0800034c                DMA2_Channel1_IRQHandler
                0x0800034c                I2C1_EV_IRQHandler
                0x0800034c                DMA1_Channel6_IRQHandler
                0x0800034c                UART4_IRQHandler
                0x0800034c                DMA2_Channel4_IRQHandler
                0x0800034c                RCC_IRQHandler
                0x0800034c                TIM8_BRK_TIM12_IRQHandler
                0x0800034c                TIM1_TRG_COM_IRQHandler
                0x0800034c                Default_Handler
                0x0800034c                CEC_IRQHandler
                0x0800034c                EXTI15_10_IRQHandler
                0x0800034c                TIM14_IRQHandler
                0x0800034c                TIM13_IRQHandler
                0x0800034c                TIM12_IRQHandler
                0x0800034c                TIM7_IRQHandler
                0x0800034c                CAN2_TX_IRQHandler
                0x0800034c                TIM5_IRQHandler
                0x0800034c                EXTI9_5_IRQHandler
                0x0800034c                ETH_WKUP_IRQHandler
                0x0800034c                SPI2_IRQHandler
                0x0800034c                CAN1_TX_IRQHandler
                0x0800034c                DMA2_Channel5_IRQHandler
                0x0800034c                DMA1_Channel5_IRQHandler
                0x0800034c                EXTI4_IRQHandler
                0x0800034c                USB_LP_CAN1_RX0_IRQHandler
                0x0800034c                TIM1_TRG_COM_TIM17_IRQHandler
                0x0800034c                USB_HP_CAN1_TX_IRQHandler
                0x0800034c                DMA1_Channel3_IRQHandler
                0x0800034c                FSMC_IRQHandler
                0x0800034c                ETH_IRQHandler
                0x0800034c                WWDG_IRQHandler
                0x0800034c                OTG_FS_WKUP_IRQHandler
                0x0800034c                TIM1_TRG_COM_TIM11_IRQHandler
                0x0800034c                TIM1_BRK_IRQHandler
                0x0800034c                RTCAlarm_IRQHandler
                0x0800034c                DMA2_Channel4_5_IRQHandler
                0x0800034c                USART2_IRQHandler
                0x0800034c                I2C2_ER_IRQHandler
                0x0800034c                DMA1_Channel2_IRQHandler
                0x0800034c                TIM8_BRK_IRQHandler
                0x0800034c                CAN1_SCE_IRQHandler
                0x0800034c                FLASH_IRQHandler
                0x0800034c                USART1_IRQHandler
                0x0800034c                OTG_FS_IRQHandler
                0x0800034c                SPI3_IRQHandler
                0x0800034c                I2C1_ER_IRQHandler
                0x0800034c                USBWakeUp_IRQHandler
                0x0800034c                DMA2_Channel3_IRQHandler
                0x0800034c                TIM1_BRK_TIM15_IRQHandler

.inits          0x08000350       0x28
                0x08000350                __data_regions_array_start = .
                0x08000350        0x4 LONG 0x8001844 LOADADDR (.data)
                0x08000354        0x4 LONG 0x20000000 ADDR (.data)
                0x08000358        0x4 LONG 0x200000a4 (ADDR (.data) + SIZEOF (.data))
                0x0800035c        0x4 LONG 0x8001844 LOADADDR (.data_CCMRAM)
                0x08000360        0x4 LONG 0x0 ADDR (.data_CCMRAM)
                0x08000364        0x4 LONG 0x0 (ADDR (.data_CCMRAM) + SIZEOF (.data_CCMRAM))
                0x08000368                __data_regions_array_end = .
                0x08000368                __bss_regions_array_start = .
                0x08000368        0x4 LONG 0x200000a4 ADDR (.bss)
                0x0800036c        0x4 LONG 0x20000198 (ADDR (.bss) + SIZEOF (.bss))
                0x08000370        0x4 LONG 0x0 ADDR (.bss_CCMRAM)
                0x08000374        0x4 LONG 0x0 (ADDR (.bss_CCMRAM) + SIZEOF (.bss_CCMRAM))
                0x08000378                __bss_regions_array_end = .
 *(.init)
 *(.fini)
                0x08000378                . = ALIGN (0x4)
                0x08000378                PROVIDE (__preinit_array_start, .)
 *(.preinit_array_sysinit .preinit_array_sysinit.*)
 *(.preinit_array_platform .preinit_array_platform.*)
 *(.preinit_array .preinit_array.*)
                0x08000378                PROVIDE (__preinit_array_end, .)
                0x08000378                . = ALIGN (0x4)
                0x08000378                PROVIDE (__init_array_start, .)
 *(SORT_BY_NAME(.init_array.*))
 *(.init_array)
                0x08000378                PROVIDE (__init_array_end, .)
                0x08000378                . = ALIGN (0x4)
                0x08000378                PROVIDE (__fini_array_start, .)
 *(SORT_BY_NAME(.fini_array.*))
 *(.fini_array)
                0x08000378                PROVIDE (__fini_array_end, .)

.flashtext
 *(.flashtext .flashtext.*)

.text           0x08000378     0x14cb
 *(.text .text.*)
 .text._exit    0x08000378        0x2 ./system/src/newlib/_exit.o
                0x08000378                _exit
 *fill*         0x0800037a        0x2 
 .text._sbrk    0x0800037c       0x44 ./system/src/newlib/_sbrk.o
                0x0800037c                _sbrk
 .text.__initialize_args
                0x080003c0       0x10 ./system/src/newlib/_syscalls.o
                0x080003c0                __initialize_args
 .text.trace_printf
                0x080003d0       0x30 ./system/src/diag/Trace.o
                0x080003d0                trace_printf
 .text._trace_write_semihosting_debug
                0x08000400       0x60 ./system/src/diag/trace_impl.o
 .text.trace_write
                0x08000460        0x8 ./system/src/diag/trace_impl.o
                0x08000460                trace_write
 .text.__initialize_hardware_early
                0x08000468       0x18 ./system/src/cortexm/_initialize_hardware.o
                0x08000468                __initialize_hardware_early
 .text.__initialize_hardware
                0x08000480        0x8 ./system/src/cortexm/_initialize_hardware.o
                0x08000480                __initialize_hardware
 .text.dumpExceptionStack
                0x08000488       0xf4 ./system/src/cortexm/exception_handlers.o
                0x08000488                dumpExceptionStack
 .text.isSemihosting
                0x0800057c       0x20 ./system/src/cortexm/exception_handlers.o
                0x0800057c                isSemihosting
 .text.SetSysClockTo72
                0x0800059c       0xc4 ./system/src/cmsis/system_stm32f10x.o
 .text.SetSysClock
                0x08000660        0x8 ./system/src/cmsis/system_stm32f10x.o
 .text.SystemInit
                0x08000668       0x50 ./system/src/cmsis/system_stm32f10x.o
                0x08000668                SystemInit
 .text.SystemCoreClockUpdate
                0x080006b8       0x94 ./system/src/cmsis/system_stm32f10x.o
                0x080006b8                SystemCoreClockUpdate
 .text.BlinkLED
                0x0800074c       0x28 ./src/main.o
                0x0800074c                BlinkLED
 .text.main     0x08000774      0x164 ./src/main.o
                0x08000774                main
 .text.DMA1_Channel1_IRQHandler
                0x080008d8        0x2 ./src/stm23f103c8t6_dma.o
                0x080008d8                DMA1_Channel1_IRQHandler
 *fill*         0x080008da        0x2 
 .text.AFIO_voidConfigDebugPort
                0x080008dc       0x18 ./src/stm32f103c8t6_afio.o
                0x080008dc                AFIO_voidConfigDebugPort
 .text.EXTI0_IRQHandler
                0x080008f4       0x1c ./src/stm32f103c8t6_exti.o
                0x080008f4                EXTI0_IRQHandler
 .text.EXTI1_IRQHandler
                0x08000910       0x1c ./src/stm32f103c8t6_exti.o
                0x08000910                EXTI1_IRQHandler
 .text.EXTI2_IRQHandler
                0x0800092c       0x1c ./src/stm32f103c8t6_exti.o
                0x0800092c                EXTI2_IRQHandler
 .text.GPIO_voidSetPinDir
                0x08000948       0x60 ./src/stm32f103c8t6_gpio.o
                0x08000948                GPIO_voidSetPinDir
 .text.GPIO_voidSetPinValue
                0x080009a8       0x34 ./src/stm32f103c8t6_gpio.o
                0x080009a8                GPIO_voidSetPinValue
 .text.MNVIC_voidEnableInterrupt
                0x080009dc       0x2c ./src/stm32f103c8t6_nvic.o
                0x080009dc                MNVIC_voidEnableInterrupt
 .text.RCC_voidInitSysClock
                0x08000a08       0x14 ./src/stm32f103c8t6_rcc.o
                0x08000a08                RCC_voidInitSysClock
 .text.RCC_voidEnableClock
                0x08000a1c       0x4c ./src/stm32f103c8t6_rcc.o
                0x08000a1c                RCC_voidEnableClock
 .text.TIM_voidInit
                0x08000a68       0x74 ./src/stm32f103c8t6_timer.o
                0x08000a68                TIM_voidInit
 .text.TIM_voidDelay
                0x08000adc       0x4c ./src/stm32f103c8t6_timer.o
                0x08000adc                TIM_voidDelay
 .text.TIM_voidSetPeriodicInterval
                0x08000b28       0x40 ./src/stm32f103c8t6_timer.o
                0x08000b28                TIM_voidSetPeriodicInterval
 .text.TIM_voidConfigurePWM
                0x08000b68      0x1c4 ./src/stm32f103c8t6_timer.o
                0x08000b68                TIM_voidConfigurePWM
 .text.TIM_voidSetDutyCycle
                0x08000d2c       0x14 ./src/stm32f103c8t6_timer.o
                0x08000d2c                TIM_voidSetDutyCycle
 .text.TIM_voidStartPWM
                0x08000d40       0x34 ./src/stm32f103c8t6_timer.o
                0x08000d40                TIM_voidStartPWM
 .text.TIM1_UP_IRQHandler
                0x08000d74       0x3c ./src/stm32f103c8t6_timer.o
                0x08000d74                TIM1_UP_IRQHandler
 .text.TIM2_IRQHandler
                0x08000db0       0x3c ./src/stm32f103c8t6_timer.o
                0x08000db0                TIM2_IRQHandler
 .text.TIM3_IRQHandler
                0x08000dec       0x3c ./src/stm32f103c8t6_timer.o
                0x08000dec                TIM3_IRQHandler
 .text.TIM4_IRQHandler
                0x08000e28       0x40 ./src/stm32f103c8t6_timer.o
                0x08000e28                TIM4_IRQHandler
 .text.__errno  0x08000e68        0xc d:/engazat/embeddedsystem/currently/imt/imt_arm_diploma/imt_arm_course/02- tools/03- imt sdk/imt_sdk_win_64/winarm/armgcc/bin/../lib/gcc/arm-none-eabi/7.2.1/../../../../arm-none-eabi/lib/thumb/v7-m\libg_nano.a(lib_a-errno.o)
                0x08000e68                __errno
 .text._vsnprintf_r
                0x08000e74       0x58 d:/engazat/embeddedsystem/currently/imt/imt_arm_diploma/imt_arm_course/02- tools/03- imt sdk/imt_sdk_win_64/winarm/armgcc/bin/../lib/gcc/arm-none-eabi/7.2.1/../../../../arm-none-eabi/lib/thumb/v7-m\libg_nano.a(lib_a-vsnprintf.o)
                0x08000e74                _vsniprintf_r
                0x08000e74                _vsnprintf_r
 .text.vsnprintf
                0x08000ecc       0x1c d:/engazat/embeddedsystem/currently/imt/imt_arm_diploma/imt_arm_course/02- tools/03- imt sdk/imt_sdk_win_64/winarm/armgcc/bin/../lib/gcc/arm-none-eabi/7.2.1/../../../../arm-none-eabi/lib/thumb/v7-m\libg_nano.a(lib_a-vsnprintf.o)
                0x08000ecc                vsniprintf
                0x08000ecc                vsnprintf
 .text.__ssputs_r
                0x08000ee8       0xb4 d:/engazat/embeddedsystem/currently/imt/imt_arm_diploma/imt_arm_course/02- tools/03- imt sdk/imt_sdk_win_64/winarm/armgcc/bin/../lib/gcc/arm-none-eabi/7.2.1/../../../../arm-none-eabi/lib/thumb/v7-m\libg_nano.a(lib_a-nano-svfprintf.o)
                0x08000ee8                __ssputs_r
 .text._svfprintf_r
                0x08000f9c      0x1ec d:/engazat/embeddedsystem/currently/imt/imt_arm_diploma/imt_arm_course/02- tools/03- imt sdk/imt_sdk_win_64/winarm/armgcc/bin/../lib/gcc/arm-none-eabi/7.2.1/../../../../arm-none-eabi/lib/thumb/v7-m\libg_nano.a(lib_a-nano-svfprintf.o)
                0x08000f9c                _svfiprintf_r
                0x08000f9c                _svfprintf_r
 .text._printf_common
                0x08001188       0xec d:/engazat/embeddedsystem/currently/imt/imt_arm_diploma/imt_arm_course/02- tools/03- imt sdk/imt_sdk_win_64/winarm/armgcc/bin/../lib/gcc/arm-none-eabi/7.2.1/../../../../arm-none-eabi/lib/thumb/v7-m\libg_nano.a(lib_a-nano-vfprintf_i.o)
                0x08001188                _printf_common
 .text._printf_i
                0x08001274      0x224 d:/engazat/embeddedsystem/currently/imt/imt_arm_diploma/imt_arm_course/02- tools/03- imt sdk/imt_sdk_win_64/winarm/armgcc/bin/../lib/gcc/arm-none-eabi/7.2.1/../../../../arm-none-eabi/lib/thumb/v7-m\libg_nano.a(lib_a-nano-vfprintf_i.o)
                0x08001274                _printf_i
 .text.memchr   0x08001498       0x1c d:/engazat/embeddedsystem/currently/imt/imt_arm_diploma/imt_arm_course/02- tools/03- imt sdk/imt_sdk_win_64/winarm/armgcc/bin/../lib/gcc/arm-none-eabi/7.2.1/../../../../arm-none-eabi/lib/thumb/v7-m\libg_nano.a(lib_a-memchr-stub.o)
                0x08001498                memchr
 .text.memcpy   0x080014b4       0x16 d:/engazat/embeddedsystem/currently/imt/imt_arm_diploma/imt_arm_course/02- tools/03- imt sdk/imt_sdk_win_64/winarm/armgcc/bin/../lib/gcc/arm-none-eabi/7.2.1/../../../../arm-none-eabi/lib/thumb/v7-m\libg_nano.a(lib_a-memcpy-stub.o)
                0x080014b4                memcpy
 .text.memmove  0x080014ca       0x32 d:/engazat/embeddedsystem/currently/imt/imt_arm_diploma/imt_arm_course/02- tools/03- imt sdk/imt_sdk_win_64/winarm/armgcc/bin/../lib/gcc/arm-none-eabi/7.2.1/../../../../arm-none-eabi/lib/thumb/v7-m\libg_nano.a(lib_a-memmove.o)
                0x080014ca                memmove
 .text._free_r  0x080014fc       0x98 d:/engazat/embeddedsystem/currently/imt/imt_arm_diploma/imt_arm_course/02- tools/03- imt sdk/imt_sdk_win_64/winarm/armgcc/bin/../lib/gcc/arm-none-eabi/7.2.1/../../../../arm-none-eabi/lib/thumb/v7-m\libg_nano.a(lib_a-nano-freer.o)
                0x080014fc                _free_r
 .text._malloc_r
                0x08001594       0xb4 d:/engazat/embeddedsystem/currently/imt/imt_arm_diploma/imt_arm_course/02- tools/03- imt sdk/imt_sdk_win_64/winarm/armgcc/bin/../lib/gcc/arm-none-eabi/7.2.1/../../../../arm-none-eabi/lib/thumb/v7-m\libg_nano.a(lib_a-nano-mallocr.o)
                0x08001594                _malloc_r
 .text._realloc_r
                0x08001648       0x4c d:/engazat/embeddedsystem/currently/imt/imt_arm_diploma/imt_arm_course/02- tools/03- imt sdk/imt_sdk_win_64/winarm/armgcc/bin/../lib/gcc/arm-none-eabi/7.2.1/../../../../arm-none-eabi/lib/thumb/v7-m\libg_nano.a(lib_a-nano-reallocr.o)
                0x08001648                _realloc_r
 .text._sbrk_r  0x08001694       0x20 d:/engazat/embeddedsystem/currently/imt/imt_arm_diploma/imt_arm_course/02- tools/03- imt sdk/imt_sdk_win_64/winarm/armgcc/bin/../lib/gcc/arm-none-eabi/7.2.1/../../../../arm-none-eabi/lib/thumb/v7-m\libg_nano.a(lib_a-sbrkr.o)
                0x08001694                _sbrk_r
 .text.__malloc_lock
                0x080016b4        0x2 d:/engazat/embeddedsystem/currently/imt/imt_arm_diploma/imt_arm_course/02- tools/03- imt sdk/imt_sdk_win_64/winarm/armgcc/bin/../lib/gcc/arm-none-eabi/7.2.1/../../../../arm-none-eabi/lib/thumb/v7-m\libg_nano.a(lib_a-mlock.o)
                0x080016b4                __malloc_lock
 .text.__malloc_unlock
                0x080016b6        0x2 d:/engazat/embeddedsystem/currently/imt/imt_arm_diploma/imt_arm_course/02- tools/03- imt sdk/imt_sdk_win_64/winarm/armgcc/bin/../lib/gcc/arm-none-eabi/7.2.1/../../../../arm-none-eabi/lib/thumb/v7-m\libg_nano.a(lib_a-mlock.o)
                0x080016b6                __malloc_unlock
 .text._malloc_usable_size_r
                0x080016b8       0x10 d:/engazat/embeddedsystem/currently/imt/imt_arm_diploma/imt_arm_course/02- tools/03- imt sdk/imt_sdk_win_64/winarm/armgcc/bin/../lib/gcc/arm-none-eabi/7.2.1/../../../../arm-none-eabi/lib/thumb/v7-m\libg_nano.a(lib_a-nano-msizer.o)
                0x080016b8                _malloc_usable_size_r
 *(.rodata .rodata.* .constdata .constdata.*)
 .rodata.dumpExceptionStack.str1.4
                0x080016c8      0x11a ./system/src/cortexm/exception_handlers.o
 *fill*         0x080017e2        0x2 
 .rodata.str1.4
                0x080017e4       0x2c ./system/src/cortexm/exception_handlers.o
                                 0x2a (size before relaxing)
 .rodata._svfprintf_r.str1.1
                0x08001810       0x11 d:/engazat/embeddedsystem/currently/imt/imt_arm_diploma/imt_arm_course/02- tools/03- imt sdk/imt_sdk_win_64/winarm/armgcc/bin/../lib/gcc/arm-none-eabi/7.2.1/../../../../arm-none-eabi/lib/thumb/v7-m\libg_nano.a(lib_a-nano-svfprintf.o)
 .rodata._printf_i.str1.1
                0x08001821       0x22 d:/engazat/embeddedsystem/currently/imt/imt_arm_diploma/imt_arm_course/02- tools/03- imt sdk/imt_sdk_win_64/winarm/armgcc/bin/../lib/gcc/arm-none-eabi/7.2.1/../../../../arm-none-eabi/lib/thumb/v7-m\libg_nano.a(lib_a-nano-vfprintf_i.o)
 *(vtable)
 *(.eh_frame*)
 *(.glue_7)
 .glue_7        0x08001843        0x0 linker stubs
 *(.glue_7t)
 .glue_7t       0x08001843        0x0 linker stubs

.vfp11_veneer   0x08001844        0x0
 .vfp11_veneer  0x08001844        0x0 linker stubs

.v4_bx          0x08001844        0x0
 .v4_bx         0x08001844        0x0 linker stubs

.iplt           0x08001844        0x0
 .iplt          0x08001844        0x0 ./system/src/newlib/_exit.o

.rel.dyn        0x08001844        0x0
 .rel.iplt      0x08001844        0x0 ./system/src/newlib/_exit.o

.ARM.extab
 *(.ARM.extab* .gnu.linkonce.armextab.*)
                0x08001844                . = ALIGN (0x4)
                0x08001844                __exidx_start = .

.ARM.exidx
 *(.ARM.exidx* .gnu.linkonce.armexidx.*)
                0x08001844                __exidx_end = .
                0x08001844                . = ALIGN (0x4)
                0x08001844                _etext = .
                0x08001844                __etext = .

.data_CCMRAM    0x00000000        0x0 load address 0x08001844
 FILL mask 0xff
 *(.data.CCMRAM .data.CCMRAM.*)
                0x00000000                . = ALIGN (0x4)
                0x08001844                _sidata = LOADADDR (.data)

.data           0x20000000       0xa4 load address 0x08001844
 FILL mask 0xff
                0x20000000                _sdata = .
                0x20000000                __data_start__ = .
 *(.data_begin .data_begin.*)
 .data_begin    0x20000000        0x4 ./system/src/newlib/_startup.o
 *(.data .data.*)
 .data.argv.4310
                0x20000004        0x8 ./system/src/newlib/_syscalls.o
 .data.AHBPrescTable
                0x2000000c       0x10 ./system/src/cmsis/system_stm32f10x.o
                0x2000000c                AHBPrescTable
 .data.SystemCoreClock
                0x2000001c        0x4 ./system/src/cmsis/system_stm32f10x.o
                0x2000001c                SystemCoreClock
 .data.GPIO     0x20000020        0xc ./src/stm32f103c8t6_gpio.o
                0x20000020                GPIO
 .data.TIMER    0x2000002c       0x10 ./src/stm32f103c8t6_timer.o
                0x2000002c                TIMER
 .data._impure_ptr
                0x2000003c        0x4 d:/engazat/embeddedsystem/currently/imt/imt_arm_diploma/imt_arm_course/02- tools/03- imt sdk/imt_sdk_win_64/winarm/armgcc/bin/../lib/gcc/arm-none-eabi/7.2.1/../../../../arm-none-eabi/lib/thumb/v7-m\libg_nano.a(lib_a-impure.o)
                0x2000003c                _impure_ptr
 .data.impure_data
                0x20000040       0x60 d:/engazat/embeddedsystem/currently/imt/imt_arm_diploma/imt_arm_course/02- tools/03- imt sdk/imt_sdk_win_64/winarm/armgcc/bin/../lib/gcc/arm-none-eabi/7.2.1/../../../../arm-none-eabi/lib/thumb/v7-m\libg_nano.a(lib_a-impure.o)
 *(.data_end .data_end.*)
 .data_end      0x200000a0        0x4 ./system/src/newlib/_startup.o
                0x200000a4                . = ALIGN (0x4)
                0x200000a4                _edata = .
                0x200000a4                __data_end__ = .

.igot.plt       0x200000a4        0x0 load address 0x080018e8
 .igot.plt      0x200000a4        0x0 ./system/src/newlib/_exit.o

.bss_CCMRAM     0x00000000        0x0
 *(.bss.CCMRAM .bss.CCMRAM.*)

.bss            0x200000a4       0xf4
                0x200000a4                __bss_start__ = .
                0x200000a4                _sbss = .
 *(.bss_begin .bss_begin.*)
 .bss_begin     0x200000a4        0x4 ./system/src/newlib/_startup.o
 *(.bss .bss.*)
 .bss.current_heap_end.3961
                0x200000a8        0x4 ./system/src/newlib/_sbrk.o
 .bss.name.4309
                0x200000ac        0x1 ./system/src/newlib/_syscalls.o
 *fill*         0x200000ad        0x3 
 .bss.buf.5205  0x200000b0       0x80 ./system/src/diag/Trace.o
 .bss.bool      0x20000130        0x1 ./src/main.o
                0x20000130                bool
 *fill*         0x20000131        0x3 
 .bss.EXTI_CallBack
                0x20000134       0x40 ./src/stm32f103c8t6_exti.o
 .bss.__malloc_free_list
                0x20000174        0x4 d:/engazat/embeddedsystem/currently/imt/imt_arm_diploma/imt_arm_course/02- tools/03- imt sdk/imt_sdk_win_64/winarm/armgcc/bin/../lib/gcc/arm-none-eabi/7.2.1/../../../../arm-none-eabi/lib/thumb/v7-m\libg_nano.a(lib_a-nano-mallocr.o)
                0x20000174                __malloc_free_list
 .bss.__malloc_sbrk_start
                0x20000178        0x4 d:/engazat/embeddedsystem/currently/imt/imt_arm_diploma/imt_arm_course/02- tools/03- imt sdk/imt_sdk_win_64/winarm/armgcc/bin/../lib/gcc/arm-none-eabi/7.2.1/../../../../arm-none-eabi/lib/thumb/v7-m\libg_nano.a(lib_a-nano-mallocr.o)
                0x20000178                __malloc_sbrk_start
 *(COMMON)
 COMMON         0x2000017c        0x4 ./system/src/newlib/_syscalls.o
                0x2000017c                errno
 COMMON         0x20000180       0x14 ./src/stm32f103c8t6_timer.o
                0x20000180                TIMx_CallBack
                0x20000190                u8TimeIntervalMode
 *(.bss_end .bss_end.*)
 .bss_end       0x20000194        0x4 ./system/src/newlib/_startup.o
                0x20000198                . = ALIGN (0x4)
                0x20000198                __bss_end__ = .
                0x20000198                _ebss = .

.noinit_CCMRAM
 *(.noinit.CCMRAM .noinit.CCMRAM.*)

.noinit         0x20000198        0x0
                0x20000198                _noinit = .
 *(.noinit .noinit.*)
                0x20000198                . = ALIGN (0x4)
                0x20000198                _end_noinit = .
                [!provide]                PROVIDE (end, _end_noinit)
                [!provide]                PROVIDE (_end, _end_noinit)
                [!provide]                PROVIDE (__end, _end_noinit)
                [!provide]                PROVIDE (__end__, _end_noinit)

._check_stack   0x20000198      0x100
                0x20000298                . = (. + _Minimum_Stack_Size)
 *fill*         0x20000198      0x100 

.b1text
 *(.b1text)
 *(.b1rodata)
 *(.b1rodata.*)

.eb0text
 *(.eb0text)
 *(.eb0rodata)
 *(.eb0rodata.*)

.eb1text
 *(.eb1text)
 *(.eb1rodata)
 *(.eb1rodata.*)

.eb2text
 *(.eb2text)
 *(.eb2rodata)
 *(.eb2rodata.*)

.eb3text
 *(.eb3text)
 *(.eb3rodata)
 *(.eb3rodata.*)

.stab
 *(.stab)

.stabstr
 *(.stabstr)

.stab.excl
 *(.stab.excl)

.stab.exclstr
 *(.stab.exclstr)

.stab.index
 *(.stab.index)

.stab.indexstr
 *(.stab.indexstr)

.comment        0x00000000       0x7e
 *(.comment)
 .comment       0x00000000       0x7e ./system/src/newlib/_exit.o
                                 0x7f (size before relaxing)
 .comment       0x0000007e       0x7f ./system/src/newlib/_sbrk.o
 .comment       0x0000007e       0x7f ./system/src/newlib/_startup.o
 .comment       0x0000007e       0x7f ./system/src/newlib/_syscalls.o
 .comment       0x0000007e       0x7f ./system/src/diag/Trace.o
 .comment       0x0000007e       0x7f ./system/src/diag/trace_impl.o
 .comment       0x0000007e       0x7f ./system/src/cortexm/_initialize_hardware.o
 .comment       0x0000007e       0x7f ./system/src/cortexm/exception_handlers.o
 .comment       0x0000007e       0x7f ./system/src/cmsis/system_stm32f10x.o
 .comment       0x0000007e       0x7f ./system/src/cmsis/vectors_stm32f10x.o
 .comment       0x0000007e       0x7f ./src/main.o
 .comment       0x0000007e       0x7f ./src/stm23f103c8t6_dma.o
 .comment       0x0000007e       0x7f ./src/stm32f103c8t6_afio.o
 .comment       0x0000007e       0x7f ./src/stm32f103c8t6_exti.o
 .comment       0x0000007e       0x7f ./src/stm32f103c8t6_gpio.o
 .comment       0x0000007e       0x7f ./src/stm32f103c8t6_nvic.o
 .comment       0x0000007e       0x7f ./src/stm32f103c8t6_rcc.o
 .comment       0x0000007e       0x7f ./src/stm32f103c8t6_timer.o

.ARM.attributes
                0x00000000       0x31
 .ARM.attributes
                0x00000000       0x33 ./system/src/newlib/_exit.o
 .ARM.attributes
                0x00000033       0x33 ./system/src/newlib/_sbrk.o
 .ARM.attributes
                0x00000066       0x33 ./system/src/newlib/_startup.o
 .ARM.attributes
                0x00000099       0x33 ./system/src/newlib/_syscalls.o
 .ARM.attributes
                0x000000cc       0x33 ./system/src/diag/Trace.o
 .ARM.attributes
                0x000000ff       0x33 ./system/src/diag/trace_impl.o
 .ARM.attributes
                0x00000132       0x33 ./system/src/cortexm/_initialize_hardware.o
 .ARM.attributes
                0x00000165       0x33 ./system/src/cortexm/exception_handlers.o
 .ARM.attributes
                0x00000198       0x33 ./system/src/cmsis/system_stm32f10x.o
 .ARM.attributes
                0x000001cb       0x33 ./system/src/cmsis/vectors_stm32f10x.o
 .ARM.attributes
                0x000001fe       0x33 ./src/main.o
 .ARM.attributes
                0x00000231       0x33 ./src/stm23f103c8t6_dma.o
 .ARM.attributes
                0x00000264       0x33 ./src/stm32f103c8t6_afio.o
 .ARM.attributes
                0x00000297       0x33 ./src/stm32f103c8t6_exti.o
 .ARM.attributes
                0x000002ca       0x33 ./src/stm32f103c8t6_gpio.o
 .ARM.attributes
                0x000002fd       0x33 ./src/stm32f103c8t6_nvic.o
 .ARM.attributes
                0x00000330       0x33 ./src/stm32f103c8t6_rcc.o
 .ARM.attributes
                0x00000363       0x33 ./src/stm32f103c8t6_timer.o
 .ARM.attributes
                0x00000396       0x2d d:/engazat/embeddedsystem/currently/imt/imt_arm_diploma/imt_arm_course/02- tools/03- imt sdk/imt_sdk_win_64/winarm/armgcc/bin/../lib/gcc/arm-none-eabi/7.2.1/../../../../arm-none-eabi/lib/thumb/v7-m\libg_nano.a(lib_a-errno.o)
 .ARM.attributes
                0x000003c3       0x2d d:/engazat/embeddedsystem/currently/imt/imt_arm_diploma/imt_arm_course/02- tools/03- imt sdk/imt_sdk_win_64/winarm/armgcc/bin/../lib/gcc/arm-none-eabi/7.2.1/../../../../arm-none-eabi/lib/thumb/v7-m\libg_nano.a(lib_a-impure.o)
 .ARM.attributes
                0x000003f0       0x2d d:/engazat/embeddedsystem/currently/imt/imt_arm_diploma/imt_arm_course/02- tools/03- imt sdk/imt_sdk_win_64/winarm/armgcc/bin/../lib/gcc/arm-none-eabi/7.2.1/../../../../arm-none-eabi/lib/thumb/v7-m\libg_nano.a(lib_a-vsnprintf.o)
 .ARM.attributes
                0x0000041d       0x2d d:/engazat/embeddedsystem/currently/imt/imt_arm_diploma/imt_arm_course/02- tools/03- imt sdk/imt_sdk_win_64/winarm/armgcc/bin/../lib/gcc/arm-none-eabi/7.2.1/../../../../arm-none-eabi/lib/thumb/v7-m\libg_nano.a(lib_a-nano-svfprintf.o)
 .ARM.attributes
                0x0000044a       0x2d d:/engazat/embeddedsystem/currently/imt/imt_arm_diploma/imt_arm_course/02- tools/03- imt sdk/imt_sdk_win_64/winarm/armgcc/bin/../lib/gcc/arm-none-eabi/7.2.1/../../../../arm-none-eabi/lib/thumb/v7-m\libg_nano.a(lib_a-nano-vfprintf_i.o)
 .ARM.attributes
                0x00000477       0x2d d:/engazat/embeddedsystem/currently/imt/imt_arm_diploma/imt_arm_course/02- tools/03- imt sdk/imt_sdk_win_64/winarm/armgcc/bin/../lib/gcc/arm-none-eabi/7.2.1/../../../../arm-none-eabi/lib/thumb/v7-m\libg_nano.a(lib_a-memchr-stub.o)
 .ARM.attributes
                0x000004a4       0x2d d:/engazat/embeddedsystem/currently/imt/imt_arm_diploma/imt_arm_course/02- tools/03- imt sdk/imt_sdk_win_64/winarm/armgcc/bin/../lib/gcc/arm-none-eabi/7.2.1/../../../../arm-none-eabi/lib/thumb/v7-m\libg_nano.a(lib_a-memcpy-stub.o)
 .ARM.attributes
                0x000004d1       0x2d d:/engazat/embeddedsystem/currently/imt/imt_arm_diploma/imt_arm_course/02- tools/03- imt sdk/imt_sdk_win_64/winarm/armgcc/bin/../lib/gcc/arm-none-eabi/7.2.1/../../../../arm-none-eabi/lib/thumb/v7-m\libg_nano.a(lib_a-memmove.o)
 .ARM.attributes
                0x000004fe       0x2d d:/engazat/embeddedsystem/currently/imt/imt_arm_diploma/imt_arm_course/02- tools/03- imt sdk/imt_sdk_win_64/winarm/armgcc/bin/../lib/gcc/arm-none-eabi/7.2.1/../../../../arm-none-eabi/lib/thumb/v7-m\libg_nano.a(lib_a-nano-freer.o)
 .ARM.attributes
                0x0000052b       0x2d d:/engazat/embeddedsystem/currently/imt/imt_arm_diploma/imt_arm_course/02- tools/03- imt sdk/imt_sdk_win_64/winarm/armgcc/bin/../lib/gcc/arm-none-eabi/7.2.1/../../../../arm-none-eabi/lib/thumb/v7-m\libg_nano.a(lib_a-nano-mallocr.o)
 .ARM.attributes
                0x00000558       0x2d d:/engazat/embeddedsystem/currently/imt/imt_arm_diploma/imt_arm_course/02- tools/03- imt sdk/imt_sdk_win_64/winarm/armgcc/bin/../lib/gcc/arm-none-eabi/7.2.1/../../../../arm-none-eabi/lib/thumb/v7-m\libg_nano.a(lib_a-nano-reallocr.o)
 .ARM.attributes
                0x00000585       0x2d d:/engazat/embeddedsystem/currently/imt/imt_arm_diploma/imt_arm_course/02- tools/03- imt sdk/imt_sdk_win_64/winarm/armgcc/bin/../lib/gcc/arm-none-eabi/7.2.1/../../../../arm-none-eabi/lib/thumb/v7-m\libg_nano.a(lib_a-sbrkr.o)
 .ARM.attributes
                0x000005b2       0x2d d:/engazat/embeddedsystem/currently/imt/imt_arm_diploma/imt_arm_course/02- tools/03- imt sdk/imt_sdk_win_64/winarm/armgcc/bin/../lib/gcc/arm-none-eabi/7.2.1/../../../../arm-none-eabi/lib/thumb/v7-m\libg_nano.a(lib_a-mlock.o)
 .ARM.attributes
                0x000005df       0x2d d:/engazat/embeddedsystem/currently/imt/imt_arm_diploma/imt_arm_course/02- tools/03- imt sdk/imt_sdk_win_64/winarm/armgcc/bin/../lib/gcc/arm-none-eabi/7.2.1/../../../../arm-none-eabi/lib/thumb/v7-m\libg_nano.a(lib_a-nano-msizer.o)

.debug
 *(.debug)

.line
 *(.line)

.debug_srcinfo
 *(.debug_srcinfo)

.debug_sfnames
 *(.debug_sfnames)

.debug_aranges  0x00000000      0x428
 *(.debug_aranges)
 .debug_aranges
                0x00000000       0x28 ./system/src/newlib/_exit.o
 .debug_aranges
                0x00000028       0x20 ./system/src/newlib/_sbrk.o
 .debug_aranges
                0x00000048       0x40 ./system/src/newlib/_startup.o
 .debug_aranges
                0x00000088       0x30 ./system/src/newlib/_syscalls.o
 .debug_aranges
                0x000000b8       0x38 ./system/src/diag/Trace.o
 .debug_aranges
                0x000000f0       0x30 ./system/src/diag/trace_impl.o
 .debug_aranges
                0x00000120       0x28 ./system/src/cortexm/_initialize_hardware.o
 .debug_aranges
                0x00000148       0x90 ./system/src/cortexm/exception_handlers.o
 .debug_aranges
                0x000001d8       0x38 ./system/src/cmsis/system_stm32f10x.o
 .debug_aranges
                0x00000210       0x20 ./system/src/cmsis/vectors_stm32f10x.o
 .debug_aranges
                0x00000230       0x28 ./src/main.o
 .debug_aranges
                0x00000258       0x28 ./src/stm23f103c8t6_dma.o
 .debug_aranges
                0x00000280       0x28 ./src/stm32f103c8t6_afio.o
 .debug_aranges
                0x000002a8       0x50 ./src/stm32f103c8t6_exti.o
 .debug_aranges
                0x000002f8       0x30 ./src/stm32f103c8t6_gpio.o
 .debug_aranges
                0x00000328       0x48 ./src/stm32f103c8t6_nvic.o
 .debug_aranges
                0x00000370       0x30 ./src/stm32f103c8t6_rcc.o
 .debug_aranges
                0x000003a0       0x88 ./src/stm32f103c8t6_timer.o

.debug_pubnames
 *(.debug_pubnames)

.debug_info     0x00000000     0x6180
 *(.debug_info .gnu.linkonce.wi.*)
 .debug_info    0x00000000      0x956 ./system/src/newlib/_exit.o
 .debug_info    0x00000956      0x942 ./system/src/newlib/_sbrk.o
 .debug_info    0x00001298      0x42e ./system/src/newlib/_startup.o
 .debug_info    0x000016c6      0xa19 ./system/src/newlib/_syscalls.o
 .debug_info    0x000020df      0xb2a ./system/src/diag/Trace.o
 .debug_info    0x00002c09      0x363 ./system/src/diag/trace_impl.o
 .debug_info    0x00002f6c      0x2b5 ./system/src/cortexm/_initialize_hardware.o
 .debug_info    0x00003221     0x1140 ./system/src/cortexm/exception_handlers.o
 .debug_info    0x00004361      0x494 ./system/src/cmsis/system_stm32f10x.o
 .debug_info    0x000047f5       0xca ./system/src/cmsis/vectors_stm32f10x.o
 .debug_info    0x000048bf      0x6d5 ./src/main.o
 .debug_info    0x00004f94      0x1e0 ./src/stm23f103c8t6_dma.o
 .debug_info    0x00005174      0x186 ./src/stm32f103c8t6_afio.o
 .debug_info    0x000052fa      0x290 ./src/stm32f103c8t6_exti.o
 .debug_info    0x0000558a      0x2e9 ./src/stm32f103c8t6_gpio.o
 .debug_info    0x00005873      0x1b9 ./src/stm32f103c8t6_nvic.o
 .debug_info    0x00005a2c      0x105 ./src/stm32f103c8t6_rcc.o
 .debug_info    0x00005b31      0x64f ./src/stm32f103c8t6_timer.o

.debug_abbrev   0x00000000     0x19fb
 *(.debug_abbrev)
 .debug_abbrev  0x00000000      0x1f3 ./system/src/newlib/_exit.o
 .debug_abbrev  0x000001f3      0x1fc ./system/src/newlib/_sbrk.o
 .debug_abbrev  0x000003ef      0x1b3 ./system/src/newlib/_startup.o
 .debug_abbrev  0x000005a2      0x234 ./system/src/newlib/_syscalls.o
 .debug_abbrev  0x000007d6      0x276 ./system/src/diag/Trace.o
 .debug_abbrev  0x00000a4c      0x1e2 ./system/src/diag/trace_impl.o
 .debug_abbrev  0x00000c2e       0xea ./system/src/cortexm/_initialize_hardware.o
 .debug_abbrev  0x00000d18      0x32b ./system/src/cortexm/exception_handlers.o
 .debug_abbrev  0x00001043      0x177 ./system/src/cmsis/system_stm32f10x.o
 .debug_abbrev  0x000011ba       0x9d ./system/src/cmsis/vectors_stm32f10x.o
 .debug_abbrev  0x00001257       0xdb ./src/main.o
 .debug_abbrev  0x00001332      0x104 ./src/stm23f103c8t6_dma.o
 .debug_abbrev  0x00001436       0xdb ./src/stm32f103c8t6_afio.o
 .debug_abbrev  0x00001511      0x121 ./src/stm32f103c8t6_exti.o
 .debug_abbrev  0x00001632      0x129 ./src/stm32f103c8t6_gpio.o
 .debug_abbrev  0x0000175b       0xaa ./src/stm32f103c8t6_nvic.o
 .debug_abbrev  0x00001805       0x70 ./src/stm32f103c8t6_rcc.o
 .debug_abbrev  0x00001875      0x186 ./src/stm32f103c8t6_timer.o

.debug_line     0x00000000     0x386d
 *(.debug_line)
 .debug_line    0x00000000      0x45f ./system/src/newlib/_exit.o
 .debug_line    0x0000045f      0x413 ./system/src/newlib/_sbrk.o
 .debug_line    0x00000872      0x4cd ./system/src/newlib/_startup.o
 .debug_line    0x00000d3f      0x56d ./system/src/newlib/_syscalls.o
 .debug_line    0x000012ac      0x4db ./system/src/diag/Trace.o
 .debug_line    0x00001787      0x748 ./system/src/diag/trace_impl.o
 .debug_line    0x00001ecf      0x3b8 ./system/src/cortexm/_initialize_hardware.o
 .debug_line    0x00002287      0x80a ./system/src/cortexm/exception_handlers.o
 .debug_line    0x00002a91      0x42b ./system/src/cmsis/system_stm32f10x.o
 .debug_line    0x00002ebc      0x144 ./system/src/cmsis/vectors_stm32f10x.o
 .debug_line    0x00003000      0x1a5 ./src/main.o
 .debug_line    0x000031a5       0x9f ./src/stm23f103c8t6_dma.o
 .debug_line    0x00003244       0xa2 ./src/stm32f103c8t6_afio.o
 .debug_line    0x000032e6       0xfe ./src/stm32f103c8t6_exti.o
 .debug_line    0x000033e4       0xbc ./src/stm32f103c8t6_gpio.o
 .debug_line    0x000034a0      0x102 ./src/stm32f103c8t6_nvic.o
 .debug_line    0x000035a2       0xbf ./src/stm32f103c8t6_rcc.o
 .debug_line    0x00003661      0x20c ./src/stm32f103c8t6_timer.o

.debug_frame    0x00000000      0xafc
 *(.debug_frame)
 .debug_frame   0x00000000       0x38 ./system/src/newlib/_exit.o
 .debug_frame   0x00000038       0x28 ./system/src/newlib/_sbrk.o
 .debug_frame   0x00000060       0x7c ./system/src/newlib/_startup.o
 .debug_frame   0x000000dc       0x50 ./system/src/newlib/_syscalls.o
 .debug_frame   0x0000012c       0x94 ./system/src/diag/Trace.o
 .debug_frame   0x000001c0       0x64 ./system/src/diag/trace_impl.o
 .debug_frame   0x00000224       0x40 ./system/src/cortexm/_initialize_hardware.o
 .debug_frame   0x00000264      0x158 ./system/src/cortexm/exception_handlers.o
 .debug_frame   0x000003bc       0x6c ./system/src/cmsis/system_stm32f10x.o
 .debug_frame   0x00000428       0x20 ./system/src/cmsis/vectors_stm32f10x.o
 .debug_frame   0x00000448       0x40 ./src/main.o
 .debug_frame   0x00000488       0x3c ./src/stm23f103c8t6_dma.o
 .debug_frame   0x000004c4       0x3c ./src/stm32f103c8t6_afio.o
 .debug_frame   0x00000500       0xa4 ./src/stm32f103c8t6_exti.o
 .debug_frame   0x000005a4       0x54 ./src/stm32f103c8t6_gpio.o
 .debug_frame   0x000005f8       0x7c ./src/stm32f103c8t6_nvic.o
 .debug_frame   0x00000674       0x40 ./src/stm32f103c8t6_rcc.o
 .debug_frame   0x000006b4      0x158 ./src/stm32f103c8t6_timer.o
 .debug_frame   0x0000080c       0x20 d:/engazat/embeddedsystem/currently/imt/imt_arm_diploma/imt_arm_course/02- tools/03- imt sdk/imt_sdk_win_64/winarm/armgcc/bin/../lib/gcc/arm-none-eabi/7.2.1/../../../../arm-none-eabi/lib/thumb/v7-m\libg_nano.a(lib_a-errno.o)
 .debug_frame   0x0000082c       0x4c d:/engazat/embeddedsystem/currently/imt/imt_arm_diploma/imt_arm_course/02- tools/03- imt sdk/imt_sdk_win_64/winarm/armgcc/bin/../lib/gcc/arm-none-eabi/7.2.1/../../../../arm-none-eabi/lib/thumb/v7-m\libg_nano.a(lib_a-vsnprintf.o)
 .debug_frame   0x00000878       0x90 d:/engazat/embeddedsystem/currently/imt/imt_arm_diploma/imt_arm_course/02- tools/03- imt sdk/imt_sdk_win_64/winarm/armgcc/bin/../lib/gcc/arm-none-eabi/7.2.1/../../../../arm-none-eabi/lib/thumb/v7-m\libg_nano.a(lib_a-nano-svfprintf.o)
 .debug_frame   0x00000908       0x60 d:/engazat/embeddedsystem/currently/imt/imt_arm_diploma/imt_arm_course/02- tools/03- imt sdk/imt_sdk_win_64/winarm/armgcc/bin/../lib/gcc/arm-none-eabi/7.2.1/../../../../arm-none-eabi/lib/thumb/v7-m\libg_nano.a(lib_a-nano-vfprintf_i.o)
 .debug_frame   0x00000968       0x28 d:/engazat/embeddedsystem/currently/imt/imt_arm_diploma/imt_arm_course/02- tools/03- imt sdk/imt_sdk_win_64/winarm/armgcc/bin/../lib/gcc/arm-none-eabi/7.2.1/../../../../arm-none-eabi/lib/thumb/v7-m\libg_nano.a(lib_a-memchr-stub.o)
 .debug_frame   0x00000990       0x28 d:/engazat/embeddedsystem/currently/imt/imt_arm_diploma/imt_arm_course/02- tools/03- imt sdk/imt_sdk_win_64/winarm/armgcc/bin/../lib/gcc/arm-none-eabi/7.2.1/../../../../arm-none-eabi/lib/thumb/v7-m\libg_nano.a(lib_a-memcpy-stub.o)
 .debug_frame   0x000009b8       0x28 d:/engazat/embeddedsystem/currently/imt/imt_arm_diploma/imt_arm_course/02- tools/03- imt sdk/imt_sdk_win_64/winarm/armgcc/bin/../lib/gcc/arm-none-eabi/7.2.1/../../../../arm-none-eabi/lib/thumb/v7-m\libg_nano.a(lib_a-memmove.o)
 .debug_frame   0x000009e0       0x38 d:/engazat/embeddedsystem/currently/imt/imt_arm_diploma/imt_arm_course/02- tools/03- imt sdk/imt_sdk_win_64/winarm/armgcc/bin/../lib/gcc/arm-none-eabi/7.2.1/../../../../arm-none-eabi/lib/thumb/v7-m\libg_nano.a(lib_a-nano-freer.o)
 .debug_frame   0x00000a18       0x2c d:/engazat/embeddedsystem/currently/imt/imt_arm_diploma/imt_arm_course/02- tools/03- imt sdk/imt_sdk_win_64/winarm/armgcc/bin/../lib/gcc/arm-none-eabi/7.2.1/../../../../arm-none-eabi/lib/thumb/v7-m\libg_nano.a(lib_a-nano-mallocr.o)
 .debug_frame   0x00000a44       0x3c d:/engazat/embeddedsystem/currently/imt/imt_arm_diploma/imt_arm_course/02- tools/03- imt sdk/imt_sdk_win_64/winarm/armgcc/bin/../lib/gcc/arm-none-eabi/7.2.1/../../../../arm-none-eabi/lib/thumb/v7-m\libg_nano.a(lib_a-nano-reallocr.o)
 .debug_frame   0x00000a80       0x2c d:/engazat/embeddedsystem/currently/imt/imt_arm_diploma/imt_arm_course/02- tools/03- imt sdk/imt_sdk_win_64/winarm/armgcc/bin/../lib/gcc/arm-none-eabi/7.2.1/../../../../arm-none-eabi/lib/thumb/v7-m\libg_nano.a(lib_a-sbrkr.o)
 .debug_frame   0x00000aac       0x30 d:/engazat/embeddedsystem/currently/imt/imt_arm_diploma/imt_arm_course/02- tools/03- imt sdk/imt_sdk_win_64/winarm/armgcc/bin/../lib/gcc/arm-none-eabi/7.2.1/../../../../arm-none-eabi/lib/thumb/v7-m\libg_nano.a(lib_a-mlock.o)
 .debug_frame   0x00000adc       0x20 d:/engazat/embeddedsystem/currently/imt/imt_arm_diploma/imt_arm_course/02- tools/03- imt sdk/imt_sdk_win_64/winarm/armgcc/bin/../lib/gcc/arm-none-eabi/7.2.1/../../../../arm-none-eabi/lib/thumb/v7-m\libg_nano.a(lib_a-nano-msizer.o)

.debug_str      0x00000000    0x57489
 *(.debug_str)
 .debug_str     0x00000000     0x7d2d ./system/src/newlib/_exit.o
                               0x7f00 (size before relaxing)
 .debug_str     0x00007d2d      0x4f5 ./system/src/newlib/_sbrk.o
                               0x72b2 (size before relaxing)
 .debug_str     0x00008222      0xbbd ./system/src/newlib/_startup.o
                               0x69ed (size before relaxing)
 .debug_str     0x00008ddf      0xe8b ./system/src/newlib/_syscalls.o
                               0x818d (size before relaxing)
 .debug_str     0x00009c6a      0x826 ./system/src/diag/Trace.o
                               0x8678 (size before relaxing)
 .debug_str     0x0000a490    0x4b2b9 ./system/src/diag/trace_impl.o
                              0x52a5e (size before relaxing)
 .debug_str     0x00055749       0xc4 ./system/src/cortexm/_initialize_hardware.o
                              0x4e84f (size before relaxing)
 .debug_str     0x0005580d      0x1a6 ./system/src/cortexm/exception_handlers.o
                              0x53c83 (size before relaxing)
 .debug_str     0x000559b3      0x114 ./system/src/cmsis/system_stm32f10x.o
                              0x4e8e9 (size before relaxing)
 .debug_str     0x00055ac7       0x57 ./system/src/cmsis/vectors_stm32f10x.o
                               0x388e (size before relaxing)
 .debug_str     0x00055b1e     0x11cd ./src/main.o
                               0x3fa3 (size before relaxing)
 .debug_str     0x00056ceb       0xc5 ./src/stm23f103c8t6_dma.o
                               0x302e (size before relaxing)
 .debug_str     0x00056db0       0x95 ./src/stm32f103c8t6_afio.o
                               0x3021 (size before relaxing)
 .debug_str     0x00056e45      0x1f9 ./src/stm32f103c8t6_exti.o
                               0x30f8 (size before relaxing)
 .debug_str     0x0005703e       0xa9 ./src/stm32f103c8t6_gpio.o
                               0x316f (size before relaxing)
 .debug_str     0x000570e7      0x10d ./src/stm32f103c8t6_nvic.o
                               0x349e (size before relaxing)
 .debug_str     0x000571f4       0x3d ./src/stm32f103c8t6_rcc.o
                               0x31a3 (size before relaxing)
 .debug_str     0x00057231      0x258 ./src/stm32f103c8t6_timer.o
                               0x3427 (size before relaxing)

.debug_loc      0x00000000     0x13a0
 *(.debug_loc)
 .debug_loc     0x00000000       0x85 ./system/src/newlib/_sbrk.o
 .debug_loc     0x00000085      0x1a9 ./system/src/newlib/_startup.o
 .debug_loc     0x0000022e       0x63 ./system/src/newlib/_syscalls.o
 .debug_loc     0x00000291       0xf6 ./system/src/diag/Trace.o
 .debug_loc     0x00000387      0x121 ./system/src/diag/trace_impl.o
 .debug_loc     0x000004a8      0x291 ./system/src/cortexm/exception_handlers.o
 .debug_loc     0x00000739       0xdf ./system/src/cmsis/system_stm32f10x.o
 .debug_loc     0x00000818       0x66 ./src/main.o
 .debug_loc     0x0000087e       0x42 ./src/stm23f103c8t6_dma.o
 .debug_loc     0x000008c0       0x80 ./src/stm32f103c8t6_afio.o
 .debug_loc     0x00000940       0x63 ./src/stm32f103c8t6_exti.o
 .debug_loc     0x000009a3      0x135 ./src/stm32f103c8t6_gpio.o
 .debug_loc     0x00000ad8      0x1d4 ./src/stm32f103c8t6_nvic.o
 .debug_loc     0x00000cac      0x14c ./src/stm32f103c8t6_rcc.o
 .debug_loc     0x00000df8      0x5a8 ./src/stm32f103c8t6_timer.o

.debug_macinfo
 *(.debug_macinfo)

.debug_weaknames
 *(.debug_weaknames)

.debug_funcnames
 *(.debug_funcnames)

.debug_typenames
 *(.debug_typenames)

.debug_varnames
 *(.debug_varnames)
OUTPUT(LED_Dimmer.elf elf32-littlearm)

.debug_ranges   0x00000000      0x380
 .debug_ranges  0x00000000       0x18 ./system/src/newlib/_exit.o
 .debug_ranges  0x00000018       0x10 ./system/src/newlib/_sbrk.o
 .debug_ranges  0x00000028       0x78 ./system/src/newlib/_startup.o
 .debug_ranges  0x000000a0       0x20 ./system/src/newlib/_syscalls.o
 .debug_ranges  0x000000c0       0x28 ./system/src/diag/Trace.o
 .debug_ranges  0x000000e8       0x50 ./system/src/diag/trace_impl.o
 .debug_ranges  0x00000138       0x18 ./system/src/cortexm/_initialize_hardware.o
 .debug_ranges  0x00000150       0x80 ./system/src/cortexm/exception_handlers.o
 .debug_ranges  0x000001d0       0x28 ./system/src/cmsis/system_stm32f10x.o
 .debug_ranges  0x000001f8       0x10 ./system/src/cmsis/vectors_stm32f10x.o
 .debug_ranges  0x00000208       0x18 ./src/main.o
 .debug_ranges  0x00000220       0x18 ./src/stm23f103c8t6_dma.o
 .debug_ranges  0x00000238       0x18 ./src/stm32f103c8t6_afio.o
 .debug_ranges  0x00000250       0x40 ./src/stm32f103c8t6_exti.o
 .debug_ranges  0x00000290       0x20 ./src/stm32f103c8t6_gpio.o
 .debug_ranges  0x000002b0       0x38 ./src/stm32f103c8t6_nvic.o
 .debug_ranges  0x000002e8       0x20 ./src/stm32f103c8t6_rcc.o
 .debug_ranges  0x00000308       0x78 ./src/stm32f103c8t6_timer.o

.debug_macro    0x00000000     0x2ac8
 .debug_macro   0x00000000      0x1b4 ./system/src/newlib/_exit.o
 .debug_macro   0x000001b4       0x9c ./system/src/newlib/_exit.o
 .debug_macro   0x00000250      0x10e ./system/src/newlib/_exit.o
 .debug_macro   0x0000035e       0x8d ./system/src/newlib/_exit.o
 .debug_macro   0x000003eb       0x43 ./system/src/newlib/_exit.o
 .debug_macro   0x0000042e      0x330 ./system/src/newlib/_exit.o
 .debug_macro   0x0000075e       0x35 ./system/src/newlib/_exit.o
 .debug_macro   0x00000793      0x169 ./system/src/newlib/_sbrk.o
 .debug_macro   0x000008fc      0x174 ./system/src/newlib/_sbrk.o
 .debug_macro   0x00000a70       0x10 ./system/src/newlib/_sbrk.o
 .debug_macro   0x00000a80      0x23b ./system/src/newlib/_sbrk.o
 .debug_macro   0x00000cbb      0x173 ./system/src/newlib/_startup.o
 .debug_macro   0x00000e2e      0x217 ./system/src/newlib/_syscalls.o
 .debug_macro   0x00001045       0x1c ./system/src/newlib/_syscalls.o
 .debug_macro   0x00001061       0x10 ./system/src/newlib/_syscalls.o
 .debug_macro   0x00001071       0x10 ./system/src/newlib/_syscalls.o
 .debug_macro   0x00001081       0x10 ./system/src/newlib/_syscalls.o
 .debug_macro   0x00001091       0x35 ./system/src/newlib/_syscalls.o
 .debug_macro   0x000010c6      0x122 ./system/src/newlib/_syscalls.o
 .debug_macro   0x000011e8       0x88 ./system/src/newlib/_syscalls.o
 .debug_macro   0x00001270       0x2b ./system/src/newlib/_syscalls.o
 .debug_macro   0x0000129b      0x118 ./system/src/newlib/_syscalls.o
 .debug_macro   0x000013b3      0x189 ./system/src/newlib/_syscalls.o
 .debug_macro   0x0000153c       0x16 ./system/src/newlib/_syscalls.o
 .debug_macro   0x00001552      0x1fb ./system/src/diag/Trace.o
 .debug_macro   0x0000174d       0x16 ./system/src/diag/Trace.o
 .debug_macro   0x00001763       0x97 ./system/src/diag/Trace.o
 .debug_macro   0x000017fa       0xfd ./system/src/diag/Trace.o
 .debug_macro   0x000018f7       0x10 ./system/src/diag/Trace.o
 .debug_macro   0x00001907       0x16 ./system/src/diag/Trace.o
 .debug_macro   0x0000191d      0x16f ./system/src/diag/Trace.o
 .debug_macro   0x00001a8c       0x4c ./system/src/diag/Trace.o
 .debug_macro   0x00001ad8       0x16 ./system/src/diag/Trace.o
 .debug_macro   0x00001aee      0x2da ./system/src/diag/trace_impl.o
 .debug_macro   0x00001dc8       0x10 ./system/src/diag/trace_impl.o
 .debug_macro   0x00001dd8       0xcf ./system/src/diag/trace_impl.o
 .debug_macro   0x00001ea7       0xbe ./system/src/diag/trace_impl.o
 .debug_macro   0x00001f65       0x22 ./system/src/diag/trace_impl.o
 .debug_macro   0x00001f87      0x16b ./system/src/cortexm/_initialize_hardware.o
 .debug_macro   0x000020f2      0x324 ./system/src/cortexm/exception_handlers.o
 .debug_macro   0x00002416       0x3b ./system/src/cortexm/exception_handlers.o
 .debug_macro   0x00002451       0x10 ./system/src/cortexm/exception_handlers.o
 .debug_macro   0x00002461      0x16e ./system/src/cmsis/system_stm32f10x.o
 .debug_macro   0x000025cf       0x34 ./system/src/cmsis/vectors_stm32f10x.o
 .debug_macro   0x00002603       0x75 ./src/main.o
 .debug_macro   0x00002678       0x28 ./src/main.o
 .debug_macro   0x000026a0       0x8e ./src/main.o
 .debug_macro   0x0000272e       0xa0 ./src/main.o
 .debug_macro   0x000027ce       0x2e ./src/main.o
 .debug_macro   0x000027fc       0x22 ./src/main.o
 .debug_macro   0x0000281e       0x10 ./src/main.o
 .debug_macro   0x0000282e       0x22 ./src/main.o
 .debug_macro   0x00002850       0x46 ./src/main.o
 .debug_macro   0x00002896       0x22 ./src/main.o
 .debug_macro   0x000028b8       0xcc ./src/main.o
 .debug_macro   0x00002984       0x2d ./src/stm23f103c8t6_dma.o
 .debug_macro   0x000029b1       0x2d ./src/stm32f103c8t6_afio.o
 .debug_macro   0x000029de       0x2d ./src/stm32f103c8t6_exti.o
 .debug_macro   0x00002a0b       0x2d ./src/stm32f103c8t6_gpio.o
 .debug_macro   0x00002a38       0x2d ./src/stm32f103c8t6_nvic.o
 .debug_macro   0x00002a65       0x2d ./src/stm32f103c8t6_rcc.o
 .debug_macro   0x00002a92       0x36 ./src/stm32f103c8t6_timer.o
